2026-09-02 07:37:23 [Aufgabe]
System.AggregateException: A Task's exception(s) were not observed either by Waiting on the Task or accessing its Exception property. As a result, the unobserved exception was rethrown by the finalizer thread. (Unable to read data from the transport connection: Eine vorhandene Verbindung wurde vom Remotehost geschlossen..)
 ---> System.IO.IOException: Unable to read data from the transport connection: Eine vorhandene Verbindung wurde vom Remotehost geschlossen..
 ---> System.Net.Sockets.SocketException (10054): Eine vorhandene Verbindung wurde vom Remotehost geschlossen.
   --- End of inner exception stack trace ---
   at System.Net.Sockets.Socket.AwaitableSocketAsyncEventArgs.ThrowException(SocketError error, CancellationToken cancellationToken)
   at System.Net.Sockets.Socket.AwaitableSocketAsyncEventArgs.System.Threading.Tasks.Sources.IValueTaskSource<System.Int32>.GetResult(Int16 token)
   at System.Net.Security.SslStream.EnsureFullTlsFrameAsync[TIOAdapter](CancellationToken cancellationToken, Int32 estimatedSize)
   at System.Runtime.CompilerServices.PoolingAsyncValueTaskMethodBuilder`1.StateMachineBox`1.System.Threading.Tasks.Sources.IValueTaskSource<TResult>.GetResult(Int16 token)
   at System.Net.Security.SslStream.ReadAsyncInternal[TIOAdapter](Memory`1 buffer, CancellationToken cancellationToken)
   at System.Runtime.CompilerServices.PoolingAsyncValueTaskMethodBuilder`1.StateMachineBox`1.System.Threading.Tasks.Sources.IValueTaskSource<TResult>.GetResult(Int16 token)
   at SyncTClient.Bep.CountingStream.ReadAsync(Memory`1 buffer, CancellationToken ct) in C:\Users\dirkm\Apps\SyncTClient\src\SyncTClient.Bep\CountingStream.cs:line 25
   at System.IO.Stream.ReadAtLeastAsyncCore(Memory`1 buffer, Int32 minimumBytes, Boolean throwOnEndOfStream, CancellationToken cancellationToken)
   at System.Runtime.CompilerServices.PoolingAsyncValueTaskMethodBuilder`1.StateMachineBox`1.System.Threading.Tasks.Sources.IValueTaskSource.GetResult(Int16 token)
   at SyncTClient.Bep.BepFraming.ReadMessageAsync(Stream stream, CancellationToken ct) in C:\Users\dirkm\Apps\SyncTClient\src\SyncTClient.Bep\BepFraming.cs:line 50
   at SyncTClient.Bep.BepConnection.RunAsync(CancellationToken ct) in C:\Users\dirkm\Apps\SyncTClient\src\SyncTClient.Bep\BepConnection.cs:line 205
   --- End of inner exception stack trace ---

2026-09-02 08:12:24 [Aufgabe]
System.AggregateException: A Task's exception(s) were not observed either by Waiting on the Task or accessing its Exception property. As a result, the unobserved exception was rethrown by the finalizer thread. (Unable to read data from the transport connection: Eine vorhandene Verbindung wurde vom Remotehost geschlossen..)
 ---> System.IO.IOException: Unable to read data from the transport connection: Eine vorhandene Verbindung wurde vom Remotehost geschlossen..
 ---> System.Net.Sockets.SocketException (10054): Eine vorhandene Verbindung wurde vom Remotehost geschlossen.
   --- End of inner exception stack trace ---
   at System.Net.Sockets.Socket.AwaitableSocketAsyncEventArgs.ThrowException(SocketError error, CancellationToken cancellationToken)
   at System.Net.Sockets.Socket.AwaitableSocketAsyncEventArgs.System.Threading.Tasks.Sources.IValueTaskSource<System.Int32>.GetResult(Int16 token)
   at System.Net.Security.SslStream.EnsureFullTlsFrameAsync[TIOAdapter](CancellationToken cancellationToken, Int32 estimatedSize)
   at System.Runtime.CompilerServices.PoolingAsyncValueTaskMethodBuilder`1.StateMachineBox`1.System.Threading.Tasks.Sources.IValueTaskSource<TResult>.GetResult(Int16 token)
   at System.Net.Security.SslStream.ReadAsyncInternal[TIOAdapter](Memory`1 buffer, CancellationToken cancellationToken)
   at System.Runtime.CompilerServices.PoolingAsyncValueTaskMethodBuilder`1.StateMachineBox`1.System.Threading.Tasks.Sources.IValueTaskSource<TResult>.GetResult(Int16 token)
   at SyncTClient.Bep.CountingStream.ReadAsync(Memory`1 buffer, CancellationToken ct) in C:\Users\dirkm\Apps\SyncTClient\src\SyncTClient.Bep\CountingStream.cs:line 25
   at System.IO.Stream.ReadAtLeastAsyncCore(Memory`1 buffer, Int32 minimumBytes, Boolean throwOnEndOfStream, CancellationToken cancellationToken)
   at System.Runtime.CompilerServices.PoolingAsyncValueTaskMethodBuilder`1.StateMachineBox`1.System.Threading.Tasks.Sources.IValueTaskSource.GetResult(Int16 token)
   at SyncTClient.Bep.BepFraming.ReadMessageAsync(Stream stream, CancellationToken ct) in C:\Users\dirkm\Apps\SyncTClient\src\SyncTClient.Bep\BepFraming.cs:line 50
   at SyncTClient.Bep.BepConnection.RunAsync(CancellationToken ct) in C:\Users\dirkm\Apps\SyncTClient\src\SyncTClient.Bep\BepConnection.cs:line 205
   --- End of inner exception stack trace ---

